2026-08-17 09:00:29 INFO  [api] user=u1043 POST 200 /admin/error-report 103ms
2026-08-17 09:01:12 WARN  [api] user=u9021 retrying after transient failure (attempt 2/3)
2026-08-17 09:01:24 INFO  [api] user=u3391 GET 200 /api/posts 13ms
2026-08-17 09:01:30 INFO  [api] user=u8834 POST 200 /api/search 19ms
2026-08-17 09:02:01 INFO  [api] user=u2287 GET 200 /admin/error-report 152ms
2026-08-17 09:02:11 INFO  [api] user=u1043 GET 200 /api/notifications 155ms
2026-08-17 09:02:51 ERROR [api] user=u8834 failed to send notification: upstream returned 503
2026-08-17 09:03:01 INFO  [api] user=u1043 GET 200 /api/users/me 64ms
2026-08-17 09:03:43 INFO  [api] user=u5560 GET 304 /api/posts/391/likes 82ms
2026-08-17 09:04:00 INFO  [api] user=u9021 POST 200 /api/timeline 113ms
2026-08-17 09:04:21 INFO  [api] user=u5560 GET 304 /api/posts 102ms
2026-08-17 09:04:44 INFO  [api] user=u1043 GET 200 /api/posts 44ms
2026-08-17 09:04:53 INFO  [api] user=u9021 DELETE 204 /login 52ms
2026-08-17 09:05:17 INFO  [api] user=u7712 GET 200 /api/notifications 42ms
2026-08-17 09:05:48 INFO  [api] user=u1043 GET 200 /api/notifications 85ms
2026-08-17 09:06:08 INFO  [api] user=u5560 GET 200 /api/users/me 58ms
2026-08-17 09:06:37 INFO  [api] user=u1043 GET 200 /api/notifications 39ms
2026-08-17 09:07:18 INFO  [api] user=u1043 GET 200 /api/posts/391/likes 73ms
2026-08-17 09:07:21 WARN  [api] user=u2287 retrying after transient failure (attempt 2/3)
2026-08-17 09:07:36 INFO  [api] user=u5560 POST 200 /admin/error-report 183ms
2026-08-17 09:07:51 INFO  [api] user=u3391 GET 200 /api/timeline 99ms
2026-08-17 09:08:36 INFO  [api] user=u2287 GET 200 /admin/error-report 113ms
2026-08-17 09:09:19 INFO  [api] user=u2287 DELETE 204 /api/notifications 165ms
2026-08-17 09:09:30 INFO  [api] user=u3391 GET 200 /api/posts 127ms
2026-08-17 09:10:10 INFO  [api] user=u3391 GET 200 /api/users/me 116ms
2026-08-17 09:10:42 INFO  [api] user=u4415 POST 200 /api/users/me 29ms
2026-08-17 09:11:22 INFO  [api] user=u7712 GET 200 /api/notifications 160ms
2026-08-17 09:11:41 INFO  [api] user=u1043 GET 304 /api/posts/391/likes 175ms
2026-08-17 09:12:04 WARN  [api] user=u4415 deprecated endpoint accessed: /api/v1/posts
2026-08-17 09:12:36 INFO  [api] user=u2287 GET 304 /api/notifications 17ms
2026-08-17 09:13:20 INFO  [api] user=u2287 GET 200 /api/search 36ms
2026-08-17 09:14:03 WARN  [api] user=u1043 slow query detected: 2011ms  SELECT * FROM notifications WHERE user_id = ?
2026-08-17 09:14:09 INFO  [api] user=u2287 GET 200 /login 81ms
2026-08-17 09:14:49 INFO  [api] user=u2287 GET 200 /api/posts/482 115ms
2026-08-17 09:15:18 INFO  [api] user=u1043 GET 200 /api/posts/482 27ms
2026-08-17 09:16:05 INFO  [api] user=u2287 POST 200 /api/posts 86ms
2026-08-17 09:16:39 WARN  [api] user=u1043 slow query detected: 1284ms  SELECT * FROM posts WHERE user_id = ?
2026-08-17 09:16:47 WARN  [api] user=u2287 retrying after transient failure (attempt 2/3)
2026-08-17 09:17:04 INFO  [api] user=u2287 GET 200 /api/users/me 100ms
2026-08-17 09:17:52 INFO  [api] user=u8834 POST 201 /api/posts/482 150ms
2026-08-17 09:18:28 WARN  [api] user=u2287 connection pool usage 82%
2026-08-17 09:19:05 WARN  [api] user=u1043 slow query detected: 2011ms  SELECT * FROM notifications WHERE user_id = ?
2026-08-17 09:19:18 INFO  [api] user=u1043 GET 200 /login 105ms
2026-08-17 09:19:59 WARN  [api] user=u5560 connection pool usage 82%
2026-08-17 09:20:26 INFO  [api] user=u5560 GET 304 /admin/error-report 132ms
2026-08-17 09:21:08 INFO  [api] user=u1043 DELETE 204 /api/posts/391/likes 180ms
2026-08-17 09:21:53 INFO  [api] user=u9021 POST 200 /api/posts 22ms
2026-08-17 09:22:23 INFO  [api] user=u1043 GET 200 /api/posts 159ms
2026-08-17 09:22:28 WARN  [api] user=u2287 deprecated endpoint accessed: /api/v1/posts
2026-08-17 09:22:34 INFO  [api] user=u7712 GET 200 /api/timeline 148ms
2026-08-17 09:23:18 INFO  [api] user=u7712 GET 304 /api/posts/391/likes 30ms
2026-08-17 09:23:47 WARN  [api] user=u5560 slow query detected: 2011ms  SELECT * FROM notifications WHERE user_id = ?
2026-08-17 09:23:51 INFO  [api] user=u3391 GET 304 /api/users/me 185ms
2026-08-17 09:24:17 INFO  [api] user=u5560 DELETE 204 /admin/error-report 108ms
2026-08-17 09:24:54 WARN  [api] user=u2287 deprecated endpoint accessed: /api/v1/posts
2026-08-17 09:25:39 ERROR [api] user=u1043 connection timeout to db-primary after 5000ms
2026-08-17 09:26:16 INFO  [api] user=u2287 GET 200 /api/search 15ms
2026-08-17 09:26:28 INFO  [api] user=u8834 GET 304 /api/posts/391/likes 49ms
2026-08-17 09:26:44 INFO  [api] user=u1043 GET 200 /admin/error-report 78ms
2026-08-17 09:27:02 INFO  [api] user=u2287 GET 200 /api/posts/482 27ms
2026-08-17 09:27:36 INFO  [api] user=u1043 GET 200 /admin/error-report 130ms
2026-08-17 09:28:23 INFO  [api] user=u4415 GET 304 /api/notifications 158ms
2026-08-17 09:28:55 INFO  [api] user=u5560 GET 200 /api/posts/391/likes 58ms
2026-08-17 09:29:43 INFO  [api] user=u9021 GET 200 /login 127ms
2026-08-17 09:29:58 INFO  [api] user=u4415 DELETE 204 /api/posts/482 101ms
2026-08-17 09:30:09 ERROR [api] user=u2287 NullPointerException at PostService.resolveAuthor (author is null for post_id=8812)
2026-08-17 09:30:28 INFO  [api] user=u8834 GET 304 /api/posts/482 117ms
2026-08-17 09:30:56 INFO  [api] user=u2287 GET 200 /api/timeline 127ms
2026-08-17 09:31:12 WARN  [api] user=u2287 retrying after transient failure (attempt 2/3)
2026-08-17 09:31:38 INFO  [api] user=u9021 GET 200 /admin/error-report 180ms
2026-08-17 09:31:50 INFO  [api] user=u2287 GET 200 /login 23ms
2026-08-17 09:32:13 INFO  [api] user=u3391 POST 200 /login 18ms
2026-08-17 09:32:43 INFO  [api] user=u2287 POST 200 /api/posts/482 19ms
2026-08-17 09:33:13 INFO  [api] user=u9021 GET 200 /login 48ms
2026-08-17 09:33:21 ERROR [api] user=u2287 NullPointerException at PostService.resolveAuthor (author is null for post_id=8812)
2026-08-17 09:33:49 INFO  [api] user=u2287 DELETE 204 /api/posts 35ms
2026-08-17 09:34:07 INFO  [api] user=u2287 GET 200 /api/notifications 87ms
2026-08-17 09:34:48 INFO  [api] user=u3391 DELETE 204 /admin/error-report 94ms
2026-08-17 09:35:25 INFO  [api] user=u1043 POST 200 /api/notifications 72ms
2026-08-17 09:36:04 INFO  [api] user=u2287 DELETE 204 /admin/error-report 59ms
2026-08-17 09:36:14 INFO  [api] user=u1043 GET 200 /api/notifications 128ms
2026-08-17 09:36:57 INFO  [api] user=u1043 GET 200 /api/notifications 32ms
2026-08-17 09:37:41 INFO  [api] user=u7712 POST 201 /api/posts/482 144ms
2026-08-17 09:38:25 INFO  [api] user=u1043 POST 201 /api/search 167ms
2026-08-17 09:38:52 ERROR [api] user=u7712 connection timeout to db-primary after 5000ms
2026-08-17 09:39:18 INFO  [api] user=u7712 POST 201 /admin/error-report 11ms
2026-08-17 09:39:39 INFO  [api] user=u1043 GET 200 /api/posts 140ms
2026-08-17 09:39:49 INFO  [api] user=u2287 POST 200 /api/posts/482 184ms
2026-08-17 09:40:33 INFO  [api] user=u8834 POST 200 /login 126ms
2026-08-17 09:41:08 ERROR [api] user=u8834 NullPointerException at PostService.resolveAuthor (author is null for post_id=8812)
2026-08-17 09:41:12 INFO  [api] user=u7712 POST 201 /admin/error-report 172ms
2026-08-17 09:41:55 INFO  [api] user=u7712 POST 201 /api/posts/482 172ms
2026-08-17 09:42:30 INFO  [api] user=u5560 GET 200 /api/posts/391/likes 60ms
2026-08-17 09:42:49 ERROR [api] user=u4415 failed to send notification: upstream returned 503
2026-08-17 09:43:27 INFO  [api] user=u1043 POST 200 /api/notifications 80ms
2026-08-17 09:43:33 INFO  [api] user=u1043 GET 200 /api/posts/482 34ms
2026-08-17 09:43:48 INFO  [api] user=u9021 GET 200 /api/users/me 47ms
2026-08-17 09:43:54 INFO  [api] user=u8834 POST 201 /api/notifications 107ms
2026-08-17 09:43:59 INFO  [api] user=u2287 GET 200 /api/timeline 139ms
2026-08-17 09:44:20 INFO  [api] user=u2287 POST 201 /api/posts/391/likes 38ms
2026-08-17 09:44:38 INFO  [api] user=u7712 POST 200 /api/search 89ms
2026-08-17 09:44:55 WARN  [api] user=u4415 slow query detected: 1284ms  SELECT * FROM posts WHERE user_id = ?
2026-08-17 09:45:32 INFO  [api] user=u5560 GET 200 /api/posts 128ms
2026-08-17 09:45:49 INFO  [api] user=u2287 GET 200 /api/search 99ms
2026-08-17 09:46:07 INFO  [api] user=u4415 DELETE 204 /api/notifications 74ms
2026-08-17 09:46:38 WARN  [api] user=u2287 slow query detected: 1284ms  SELECT * FROM posts WHERE user_id = ?
2026-08-17 09:46:43 INFO  [api] user=u7712 POST 201 /login 175ms
2026-08-17 09:47:21 INFO  [api] user=u2287 GET 304 /api/timeline 121ms
2026-08-17 09:47:24 INFO  [api] user=u2287 GET 304 /api/users/me 61ms
2026-08-17 09:47:33 INFO  [api] user=u1043 GET 200 /api/timeline 38ms
2026-08-17 09:47:41 WARN  [api] user=u2287 slow query detected: 2011ms  SELECT * FROM notifications WHERE user_id = ?
2026-08-17 09:48:01 INFO  [api] user=u7712 GET 200 /api/notifications 52ms
2026-08-17 09:48:37 INFO  [api] user=u4415 GET 304 /api/posts/482 80ms
2026-08-17 09:49:18 INFO  [api] user=u1043 GET 200 /api/posts 20ms
2026-08-17 09:49:26 INFO  [api] user=u2287 GET 200 /api/search 75ms
2026-08-17 09:49:51 INFO  [api] user=u2287 GET 200 /api/posts 17ms
2026-08-17 09:50:01 INFO  [api] user=u2287 POST 200 /api/search 100ms
2026-08-17 09:50:15 INFO  [api] user=u1043 POST 201 /api/users/me 45ms
2026-08-17 09:50:40 INFO  [api] user=u7712 GET 200 /api/timeline 11ms
2026-08-17 09:50:43 INFO  [api] user=u2287 GET 304 /api/posts/391/likes 80ms
2026-08-17 09:51:18 INFO  [api] user=u1043 GET 304 /api/search 34ms
2026-08-17 09:51:47 INFO  [api] user=u3391 GET 304 /admin/error-report 73ms
2026-08-17 09:52:19 INFO  [api] user=u1043 GET 304 /api/posts/391/likes 33ms
2026-08-17 09:53:00 INFO  [api] user=u1043 GET 200 /api/search 136ms
2026-08-17 09:53:44 INFO  [api] user=u2287 GET 200 /api/posts 86ms
2026-08-17 09:54:25 INFO  [api] user=u1043 DELETE 204 /admin/error-report 115ms
2026-08-17 09:55:11 INFO  [api] user=u3391 GET 200 /api/posts/482 153ms
2026-08-17 09:55:40 INFO  [api] user=u9021 GET 200 /api/posts/482 156ms
2026-08-17 09:56:12 INFO  [api] user=u7712 GET 200 /login 39ms
2026-08-17 09:56:45 INFO  [api] user=u2287 POST 201 /api/search 27ms
2026-08-17 09:57:24 WARN  [api] user=u8834 slow query detected: 2011ms  SELECT * FROM notifications WHERE user_id = ?
2026-08-17 09:57:41 INFO  [api] user=u9021 GET 200 /api/users/me 25ms
2026-08-17 09:57:51 INFO  [api] user=u8834 GET 304 /api/timeline 163ms
2026-08-17 09:58:16 WARN  [api] user=u2287 slow query detected: 1284ms  SELECT * FROM posts WHERE user_id = ?
2026-08-17 09:58:22 ERROR [api] user=u1043 NullPointerException at TimelineBuilder.merge (pinned post missing)
2026-08-17 09:59:06 INFO  [api] user=u3391 GET 200 /api/timeline 167ms
2026-08-17 09:59:37 INFO  [api] user=u2287 GET 304 /api/notifications 44ms
2026-08-17 09:59:49 INFO  [api] user=u4415 GET 200 /api/search 171ms
2026-08-17 09:59:59 INFO  [api] user=u1043 GET 200 /api/timeline 158ms
2026-08-17 10:00:38 INFO  [api] user=u1043 POST 200 /api/notifications 158ms
2026-08-17 10:01:12 WARN  [api] user=u3391 slow query detected: 1284ms  SELECT * FROM posts WHERE user_id = ?
2026-08-17 10:01:48 INFO  [api] user=u9021 DELETE 204 /api/posts/482 97ms
2026-08-17 10:01:59 INFO  [api] user=u1043 POST 201 /api/notifications 84ms
2026-08-17 10:02:22 ERROR [api] user=u3391 duplicate key value violates unique constraint "posts_slug_key"
2026-08-17 10:02:56 INFO  [api] user=u1043 POST 201 /api/posts 36ms
2026-08-17 10:03:01 INFO  [api] user=u2287 GET 200 /admin/error-report 138ms
2026-08-17 10:03:20 INFO  [api] user=u2287 POST 201 /login 72ms
2026-08-17 10:03:58 WARN  [api] user=u9021 retrying after transient failure (attempt 2/3)
2026-08-17 10:04:06 INFO  [api] user=u4415 POST 200 /api/notifications 90ms
2026-08-17 10:04:37 INFO  [api] user=u9021 GET 200 /login 136ms
2026-08-17 10:05:07 INFO  [api] user=u8834 GET 200 /api/users/me 86ms
2026-08-17 10:05:40 WARN  [api] user=u7712 connection pool usage 82%
2026-08-17 10:06:17 INFO  [api] user=u5560 GET 200 /admin/error-report 96ms
2026-08-17 10:06:41 INFO  [api] user=u3391 GET 200 /api/timeline 107ms
2026-08-17 10:06:54 INFO  [api] user=u9021 GET 200 /api/posts/391/likes 92ms
2026-08-17 10:07:29 INFO  [api] user=u4415 GET 200 /api/search 123ms
2026-08-17 10:08:04 INFO  [api] user=u9021 GET 200 /api/timeline 95ms
2026-08-17 10:08:50 INFO  [api] user=u3391 POST 200 /api/search 38ms
2026-08-17 10:09:07 INFO  [api] user=u2287 GET 200 /admin/error-report 181ms
2026-08-17 10:09:30 INFO  [api] user=u7712 POST 201 /api/users/me 163ms
2026-08-17 10:09:52 ERROR [api] user=u5560 JSON parse failed for request body (unexpected token at position 41)
2026-08-17 10:10:30 INFO  [api] user=u9021 GET 200 /api/posts/391/likes 90ms
2026-08-17 10:11:08 WARN  [api] user=u9021 connection pool usage 82%
2026-08-17 10:11:17 INFO  [api] user=u7712 GET 200 /api/search 115ms
2026-08-17 10:11:53 WARN  [api] user=u2287 deprecated endpoint accessed: /api/v1/posts
2026-08-17 10:12:39 INFO  [api] user=u1043 POST 200 /api/timeline 122ms
2026-08-17 10:13:13 WARN  [api] user=u2287 slow query detected: 1284ms  SELECT * FROM posts WHERE user_id = ?
2026-08-17 10:13:24 INFO  [api] user=u2287 GET 200 /login 10ms
2026-08-17 10:13:30 INFO  [api] user=u2287 GET 200 /api/posts/482 10ms
2026-08-17 10:13:49 WARN  [api] user=u1043 slow query detected: 2011ms  SELECT * FROM notifications WHERE user_id = ?
2026-08-17 10:14:25 INFO  [api] user=u4415 POST 200 /api/posts/482 102ms
2026-08-17 10:15:02 INFO  [api] user=u4415 POST 200 /api/posts/391/likes 161ms
2026-08-17 10:15:41 INFO  [api] user=u2287 GET 200 /api/notifications 146ms
2026-08-17 10:16:20 INFO  [api] user=u7712 POST 200 /login 174ms
2026-08-17 10:16:47 WARN  [api] user=u9021 deprecated endpoint accessed: /api/v1/posts
2026-08-17 10:16:54 INFO  [api] user=u5560 DELETE 204 /api/notifications 129ms
2026-08-17 10:17:11 INFO  [api] user=u5560 GET 304 /api/search 113ms
2026-08-17 10:17:43 INFO  [api] user=u1043 POST 200 /api/timeline 91ms
2026-08-17 10:18:15 WARN  [api] user=u5560 retrying after transient failure (attempt 2/3)
2026-08-17 10:18:29 INFO  [api] user=u4415 DELETE 204 /api/posts 49ms
2026-08-17 10:18:34 INFO  [api] user=u2287 GET 200 /api/timeline 99ms
2026-08-17 10:18:47 INFO  [api] user=u3391 GET 200 /api/posts/482 9ms
2026-08-17 10:19:23 INFO  [api] user=u4415 GET 200 /api/posts 102ms
2026-08-17 10:19:36 INFO  [api] user=u2287 GET 200 /api/posts/482 127ms
2026-08-17 10:20:20 WARN  [api] user=u4415 slow query detected: 2011ms  SELECT * FROM notifications WHERE user_id = ?
2026-08-17 10:20:23 INFO  [api] user=u2287 POST 201 /api/posts/391/likes 16ms
2026-08-17 10:20:44 INFO  [api] user=u4415 GET 200 /admin/error-report 117ms
2026-08-17 10:21:11 INFO  [api] user=u3391 POST 200 /api/posts/482 15ms
2026-08-17 10:21:39 INFO  [api] user=u5560 POST 200 /api/notifications 75ms
2026-08-17 10:22:23 INFO  [api] user=u8834 GET 304 /api/timeline 42ms
2026-08-17 10:23:11 INFO  [api] user=u1043 GET 200 /api/posts 87ms
2026-08-17 10:23:17 INFO  [api] user=u5560 GET 200 /api/users/me 44ms
2026-08-17 10:23:40 INFO  [api] user=u1043 GET 200 /api/timeline 162ms
2026-08-17 10:24:03 ERROR [api] user=u3391 duplicate key value violates unique constraint "posts_slug_key"
2026-08-17 10:24:20 INFO  [api] user=u2287 DELETE 204 /api/search 79ms
2026-08-17 10:24:38 INFO  [api] user=u8834 GET 200 /api/posts/391/likes 48ms
2026-08-17 10:25:05 INFO  [api] user=u1043 GET 200 /api/posts/482 64ms
2026-08-17 10:25:10 INFO  [api] user=u8834 POST 201 /api/notifications 42ms
2026-08-17 10:25:39 INFO  [api] user=u1043 POST 201 /api/timeline 179ms
2026-08-17 10:26:05 INFO  [api] user=u2287 POST 200 /api/posts/391/likes 167ms
2026-08-17 10:26:17 WARN  [api] user=u2287 slow query detected: 1284ms  SELECT * FROM posts WHERE user_id = ?
2026-08-17 10:26:44 WARN  [api] user=u1043 slow query detected: 2011ms  SELECT * FROM notifications WHERE user_id = ?
2026-08-17 10:26:47 INFO  [api] user=u3391 POST 201 /api/notifications 50ms
2026-08-17 10:26:54 INFO  [api] user=u5560 GET 200 /api/posts/391/likes 58ms
2026-08-17 10:27:29 INFO  [api] user=u5560 POST 201 /api/search 83ms
2026-08-17 10:28:04 INFO  [api] user=u2287 GET 200 /api/notifications 139ms
2026-08-17 10:28:45 INFO  [api] user=u1043 GET 200 /admin/error-report 177ms
2026-08-17 10:29:22 INFO  [api] user=u2287 GET 200 /admin/error-report 106ms
2026-08-17 10:29:35 INFO  [api] user=u8834 GET 200 /api/posts 152ms
2026-08-17 10:29:42 ERROR [api] user=u1043 JSON parse failed for request body (unexpected token at position 41)
2026-08-17 10:30:17 INFO  [api] user=u2287 GET 200 /api/posts/391/likes 91ms
2026-08-17 10:31:04 INFO  [api] user=u1043 DELETE 204 /api/notifications 51ms
2026-08-17 10:31:41 INFO  [api] user=u2287 GET 200 /api/timeline 13ms
2026-08-17 10:32:15 INFO  [api] user=u1043 GET 200 /login 166ms
2026-08-17 10:33:01 INFO  [api] user=u4415 GET 200 /api/search 50ms
2026-08-17 10:33:38 INFO  [api] user=u8834 POST 200 /api/users/me 116ms
2026-08-17 10:34:10 ERROR [api] user=u5560 NullPointerException at PostService.resolveAuthor (author is null for post_id=9134)
2026-08-17 10:34:41 ERROR [api] user=u3391 duplicate key value violates unique constraint "posts_slug_key"
2026-08-17 10:35:21 INFO  [api] user=u2287 DELETE 204 /api/posts/482 176ms
2026-08-17 10:35:35 INFO  [api] user=u9021 POST 201 /login 61ms
2026-08-17 10:35:52 INFO  [api] user=u4415 GET 200 /admin/error-report 57ms
2026-08-17 10:35:55 INFO  [api] user=u2287 GET 304 /api/timeline 181ms
2026-08-17 10:36:27 INFO  [api] user=u1043 POST 200 /api/posts/482 102ms
2026-08-17 10:36:50 INFO  [api] user=u3391 GET 200 /api/notifications 148ms
2026-08-17 10:36:55 INFO  [api] user=u7712 POST 200 /api/posts/391/likes 179ms
2026-08-17 10:37:32 WARN  [api] user=u7712 slow query detected: 2011ms  SELECT * FROM notifications WHERE user_id = ?
2026-08-17 10:38:15 INFO  [api] user=u2287 DELETE 204 /api/posts 64ms
2026-08-17 10:38:57 INFO  [api] user=u8834 GET 304 /admin/error-report 143ms
2026-08-17 10:39:33 INFO  [api] user=u3391 POST 201 /api/notifications 76ms
2026-08-17 10:39:57 INFO  [api] user=u1043 POST 200 /api/posts/391/likes 22ms
2026-08-17 10:40:15 INFO  [api] user=u2287 POST 201 /api/notifications 128ms
2026-08-17 10:40:47 ERROR [api] user=u8834 failed to send notification: upstream returned 503
2026-08-17 10:41:13 INFO  [api] user=u1043 POST 200 /api/search 9ms
2026-08-17 10:41:30 INFO  [api] user=u5560 POST 201 /api/users/me 158ms
2026-08-17 10:41:36 INFO  [api] user=u4415 GET 200 /login 32ms
2026-08-17 10:42:10 INFO  [api] user=u8834 GET 200 /api/notifications 14ms
2026-08-17 10:42:57 INFO  [api] user=u8834 POST 200 /api/notifications 172ms
2026-08-17 10:43:43 INFO  [api] user=u5560 GET 200 /api/search 173ms
2026-08-17 10:44:16 INFO  [api] user=u2287 POST 201 /api/notifications 159ms
2026-08-17 10:44:46 INFO  [api] user=u2287 DELETE 204 /api/posts 79ms
2026-08-17 10:45:02 INFO  [api] user=u2287 GET 200 /api/posts 128ms
2026-08-17 10:45:23 INFO  [api] user=u2287 POST 200 /api/notifications 68ms
2026-08-17 10:45:40 INFO  [api] user=u1043 GET 200 /api/search 152ms
2026-08-17 10:46:10 WARN  [api] user=u2287 connection pool usage 82%
2026-08-17 10:46:45 INFO  [api] user=u5560 GET 200 /api/timeline 164ms
2026-08-17 10:47:32 INFO  [api] user=u2287 GET 200 /api/posts 163ms
2026-08-17 10:47:43 ERROR [api] user=u1043 connection timeout to db-primary after 5000ms
2026-08-17 10:48:22 INFO  [api] user=u2287 GET 200 /admin/error-report 167ms
2026-08-17 10:48:52 INFO  [api] user=u1043 GET 304 /api/notifications 149ms
2026-08-17 10:48:57 INFO  [api] user=u2287 GET 200 /login 120ms
2026-08-17 10:49:18 INFO  [api] user=u8834 GET 200 /api/posts 76ms
2026-08-17 10:49:44 INFO  [api] user=u4415 GET 200 /admin/error-report 45ms
2026-08-17 10:50:01 INFO  [api] user=u2287 GET 200 /api/posts 96ms
2026-08-17 10:50:36 INFO  [api] user=u2287 POST 200 /api/users/me 131ms
2026-08-17 10:50:52 INFO  [api] user=u1043 GET 200 /login 23ms
2026-08-17 10:51:18 INFO  [api] user=u1043 POST 200 /api/posts/391/likes 129ms
2026-08-17 10:51:28 INFO  [api] user=u2287 GET 304 /api/posts/391/likes 107ms
2026-08-17 10:51:45 INFO  [api] user=u2287 GET 200 /api/posts/391/likes 180ms
2026-08-17 10:51:55 INFO  [api] user=u4415 GET 200 /admin/error-report 68ms
2026-08-17 10:52:21 INFO  [api] user=u9021 GET 200 /admin/error-report 134ms
2026-08-17 10:52:53 INFO  [api] user=u1043 POST 200 /admin/error-report 121ms
2026-08-17 10:53:23 INFO  [api] user=u2287 GET 200 /api/posts 175ms
2026-08-17 10:54:03 INFO  [api] user=u1043 POST 200 /api/users/me 132ms
2026-08-17 10:54:12 INFO  [api] user=u2287 POST 201 /api/search 125ms
2026-08-17 10:54:57 INFO  [api] user=u1043 GET 200 /api/search 51ms
2026-08-17 10:55:25 INFO  [api] user=u1043 DELETE 204 /api/posts/482 91ms
2026-08-17 10:55:59 INFO  [api] user=u4415 POST 200 /admin/error-report 103ms
2026-08-17 10:56:02 INFO  [api] user=u1043 GET 200 /api/posts 95ms
2026-08-17 10:56:44 INFO  [api] user=u8834 POST 201 /api/posts 132ms
2026-08-17 10:57:20 INFO  [api] user=u8834 GET 304 /api/posts/391/likes 28ms
2026-08-17 10:58:06 INFO  [api] user=u4415 GET 200 /api/posts/482 31ms
2026-08-17 10:58:11 WARN  [api] user=u2287 slow query detected: 1284ms  SELECT * FROM posts WHERE user_id = ?
2026-08-17 10:58:24 INFO  [api] user=u9021 GET 200 /api/timeline 148ms
2026-08-17 10:58:47 INFO  [api] user=u8834 POST 200 /login 183ms
2026-08-17 10:58:59 INFO  [api] user=u1043 GET 200 /login 71ms
2026-08-17 10:59:28 INFO  [api] user=u1043 GET 200 /api/posts/482 162ms
2026-08-17 11:00:07 INFO  [api] user=u2287 GET 200 /api/posts 120ms
2026-08-17 11:00:34 INFO  [api] user=u8834 GET 200 /api/timeline 36ms
2026-08-17 11:00:46 INFO  [api] user=u9021 GET 200 /api/posts 171ms
2026-08-17 11:01:24 INFO  [api] user=u2287 POST 200 /api/notifications 87ms
2026-08-17 11:02:03 INFO  [api] user=u9021 GET 200 /api/posts/391/likes 86ms
2026-08-17 11:02:38 INFO  [api] user=u7712 GET 200 /login 55ms
2026-08-17 11:02:43 INFO  [api] user=u2287 GET 200 /api/timeline 27ms
2026-08-17 11:03:26 INFO  [api] user=u1043 GET 200 /api/search 173ms
2026-08-17 11:04:12 INFO  [api] user=u2287 DELETE 204 /api/posts 31ms
2026-08-17 11:04:27 INFO  [api] user=u2287 GET 200 /admin/error-report 12ms
2026-08-17 11:04:34 INFO  [api] user=u2287 GET 200 /api/posts/391/likes 38ms
2026-08-17 11:04:41 INFO  [api] user=u7712 GET 304 /api/posts 140ms
2026-08-17 11:05:04 INFO  [api] user=u1043 GET 200 /login 84ms
2026-08-17 11:05:40 INFO  [api] user=u2287 GET 304 /api/posts 44ms
2026-08-17 11:06:04 INFO  [api] user=u9021 GET 200 /api/posts/391/likes 120ms
2026-08-17 11:06:19 INFO  [api] user=u8834 GET 200 /api/search 164ms
2026-08-17 11:06:59 INFO  [api] user=u2287 GET 200 /api/users/me 54ms
2026-08-17 11:07:39 INFO  [api] user=u7712 GET 304 /api/timeline 90ms
2026-08-17 11:08:00 INFO  [api] user=u1043 GET 304 /api/posts/482 64ms
2026-08-17 11:08:23 INFO  [api] user=u2287 GET 200 /api/posts/391/likes 11ms
2026-08-17 11:09:10 INFO  [api] user=u3391 POST 201 /api/search 95ms
2026-08-17 11:09:51 INFO  [api] user=u2287 GET 304 /api/timeline 72ms
2026-08-17 11:10:17 INFO  [api] user=u5560 POST 200 /admin/error-report 100ms
2026-08-17 11:10:31 INFO  [api] user=u7712 POST 200 /login 61ms
2026-08-17 11:10:43 INFO  [api] user=u9021 GET 200 /api/posts/482 160ms
2026-08-17 11:11:26 INFO  [api] user=u2287 GET 200 /login 127ms
2026-08-17 11:11:37 INFO  [api] user=u1043 GET 200 /api/timeline 162ms
2026-08-17 11:12:23 INFO  [api] user=u1043 GET 304 /api/users/me 9ms
2026-08-17 11:13:04 INFO  [api] user=u1043 POST 200 /api/posts/482 27ms
2026-08-17 11:13:46 INFO  [api] user=u9021 GET 200 /api/users/me 97ms
2026-08-17 11:13:55 INFO  [api] user=u2287 GET 304 /api/search 95ms
2026-08-17 11:14:09 INFO  [api] user=u4415 GET 200 /api/posts 73ms
2026-08-17 11:14:50 ERROR [api] user=u1043 NullPointerException at PostService.resolveAuthor (author is null for post_id=8812)
2026-08-17 11:15:09 INFO  [api] user=u8834 GET 200 /api/posts 9ms
2026-08-17 11:15:20 INFO  [api] user=u5560 POST 201 /api/posts/391/likes 128ms
2026-08-17 11:16:03 INFO  [api] user=u2287 GET 200 /api/notifications 102ms
2026-08-17 11:16:12 WARN  [api] user=u1043 slow query detected: 2011ms  SELECT * FROM notifications WHERE user_id = ?
2026-08-17 11:16:46 INFO  [api] user=u7712 GET 200 /api/search 178ms
2026-08-17 11:17:20 WARN  [api] user=u9021 slow query detected: 1284ms  SELECT * FROM posts WHERE user_id = ?
2026-08-17 11:17:56 INFO  [api] user=u4415 GET 200 /api/users/me 31ms
2026-08-17 11:18:36 INFO  [api] user=u2287 GET 304 /api/users/me 96ms
2026-08-17 11:18:53 INFO  [api] user=u2287 GET 304 /api/notifications 55ms
2026-08-17 11:19:11 INFO  [api] user=u2287 GET 304 /api/timeline 125ms
2026-08-17 11:19:31 INFO  [api] user=u4415 DELETE 204 /admin/error-report 89ms
2026-08-17 11:20:06 INFO  [api] user=u5560 GET 304 /api/notifications 89ms
2026-08-17 11:20:51 INFO  [api] user=u2287 GET 304 /api/notifications 72ms
2026-08-17 11:21:27 INFO  [api] user=u8834 GET 304 /api/posts/482 102ms
2026-08-17 11:22:05 WARN  [api] user=u2287 deprecated endpoint accessed: /api/v1/posts
2026-08-17 11:22:28 INFO  [api] user=u2287 POST 200 /api/posts/391/likes 8ms
2026-08-17 11:22:41 INFO  [api] user=u2287 GET 200 /api/search 26ms
2026-08-17 11:22:51 INFO  [api] user=u1043 GET 200 /api/users/me 44ms
2026-08-17 11:23:15 INFO  [api] user=u2287 POST 200 /api/timeline 36ms
2026-08-17 11:23:45 WARN  [api] user=u2287 connection pool usage 82%
2026-08-17 11:24:23 INFO  [api] user=u8834 GET 304 /api/posts/482 86ms
2026-08-17 11:24:54 INFO  [api] user=u2287 POST 200 /api/timeline 170ms
2026-08-17 11:25:02 INFO  [api] user=u2287 POST 200 /api/posts/391/likes 150ms
2026-08-17 11:25:44 INFO  [api] user=u1043 GET 200 /api/posts/482 44ms
2026-08-17 11:25:47 INFO  [api] user=u2287 GET 200 /admin/error-report 123ms
2026-08-17 11:26:13 INFO  [api] user=u2287 GET 304 /api/timeline 118ms
2026-08-17 11:26:49 INFO  [api] user=u2287 POST 201 /api/posts 134ms
2026-08-17 11:27:28 INFO  [api] user=u2287 GET 200 /api/posts/482 25ms
2026-08-17 11:28:04 INFO  [api] user=u3391 POST 200 /api/users/me 175ms
2026-08-17 11:28:46 INFO  [api] user=u1043 GET 304 /api/posts/482 117ms
2026-08-17 11:28:57 INFO  [api] user=u2287 DELETE 204 /login 75ms
2026-08-17 11:29:04 INFO  [api] user=u3391 GET 200 /api/notifications 41ms
2026-08-17 11:29:32 INFO  [api] user=u7712 GET 200 /api/posts/482 164ms
2026-08-17 11:30:19 INFO  [api] user=u8834 GET 304 /api/search 33ms
2026-08-17 11:30:23 ERROR [api] user=u9021 NullPointerException at PostService.resolveAuthor (author is null for post_id=8812)
2026-08-17 11:30:27 INFO  [api] user=u1043 GET 200 /api/posts/482 109ms
2026-08-17 11:31:01 INFO  [api] user=u1043 GET 200 /api/posts/391/likes 127ms
2026-08-17 11:31:35 INFO  [api] user=u1043 POST 201 /login 47ms
2026-08-17 11:32:16 INFO  [api] user=u7712 POST 200 /api/search 91ms
2026-08-17 11:32:38 INFO  [api] user=u5560 GET 200 /api/notifications 46ms
2026-08-17 11:32:48 INFO  [api] user=u2287 GET 200 /api/posts/391/likes 86ms
2026-08-17 11:33:20 INFO  [api] user=u9021 POST 201 /api/posts 80ms
2026-08-17 11:33:55 INFO  [api] user=u3391 GET 200 /login 62ms
2026-08-17 11:34:02 INFO  [api] user=u2287 GET 200 /login 134ms
2026-08-17 11:34:10 INFO  [api] user=u8834 GET 200 /api/notifications 67ms
2026-08-17 11:34:28 INFO  [api] user=u2287 GET 200 /api/timeline 25ms
2026-08-17 11:34:41 INFO  [api] user=u1043 DELETE 204 /api/users/me 53ms
2026-08-17 11:35:09 INFO  [api] user=u1043 GET 200 /api/timeline 14ms
2026-08-17 11:35:17 INFO  [api] user=u5560 GET 200 /api/posts/482 93ms
2026-08-17 11:35:42 INFO  [api] user=u8834 GET 200 /login 39ms
2026-08-17 11:36:23 INFO  [api] user=u5560 POST 200 /admin/error-report 56ms
2026-08-17 11:36:51 INFO  [api] user=u2287 POST 201 /api/notifications 91ms
2026-08-17 11:37:08 INFO  [api] user=u8834 POST 201 /api/users/me 46ms
2026-08-17 11:37:47 INFO  [api] user=u1043 POST 200 /api/posts/482 95ms
2026-08-17 11:38:05 INFO  [api] user=u3391 GET 200 /api/users/me 130ms
2026-08-17 11:38:33 INFO  [api] user=u1043 DELETE 204 /login 119ms
2026-08-17 11:38:45 INFO  [api] user=u3391 GET 200 /api/notifications 179ms
2026-08-17 11:39:08 INFO  [api] user=u3391 DELETE 204 /api/users/me 116ms
2026-08-17 11:39:55 INFO  [api] user=u2287 GET 200 /api/posts 35ms
2026-08-17 11:39:59 INFO  [api] user=u9021 GET 200 /api/timeline 102ms
2026-08-17 11:40:42 INFO  [api] user=u5560 GET 200 /api/timeline 69ms
2026-08-17 11:41:13 ERROR [api] user=u5560 JSON parse failed for request body (unexpected token at position 41)
2026-08-17 11:41:20 INFO  [api] user=u3391 DELETE 204 /api/posts 172ms
2026-08-17 11:41:37 WARN  [api] user=u1043 deprecated endpoint accessed: /api/v1/posts
2026-08-17 11:42:23 INFO  [api] user=u4415 GET 200 /api/users/me 154ms
2026-08-17 11:42:50 INFO  [api] user=u3391 GET 200 /api/posts 121ms
2026-08-17 11:43:03 INFO  [api] user=u4415 GET 200 /api/timeline 96ms
2026-08-17 11:43:30 INFO  [api] user=u1043 POST 200 /admin/error-report 43ms
2026-08-17 11:43:48 INFO  [api] user=u8834 GET 200 /admin/error-report 93ms
2026-08-17 11:44:33 INFO  [api] user=u2287 GET 200 /api/timeline 103ms
2026-08-17 11:45:20 INFO  [api] user=u1043 GET 200 /login 135ms
2026-08-17 11:45:54 INFO  [api] user=u7712 DELETE 204 /api/search 129ms
2026-08-17 11:46:15 INFO  [api] user=u7712 DELETE 204 /api/timeline 36ms
2026-08-17 11:46:39 WARN  [api] user=u9021 connection pool usage 82%
2026-08-17 11:46:56 INFO  [api] user=u3391 GET 200 /api/notifications 22ms
2026-08-17 11:47:18 WARN  [api] user=u1043 deprecated endpoint accessed: /api/v1/posts
2026-08-17 11:47:49 INFO  [api] user=u2287 POST 201 /admin/error-report 150ms
2026-08-17 11:47:57 WARN  [api] user=u4415 connection pool usage 82%
2026-08-17 11:48:45 INFO  [api] user=u4415 DELETE 204 /api/posts/482 122ms
2026-08-17 11:49:23 INFO  [api] user=u9021 GET 200 /login 169ms
2026-08-17 11:50:11 INFO  [api] user=u2287 POST 200 /api/posts/391/likes 31ms
2026-08-17 11:50:19 INFO  [api] user=u1043 GET 200 /admin/error-report 85ms
2026-08-17 11:50:25 ERROR [api] user=u9021 NullPointerException at PostService.resolveAuthor (author is null for post_id=8812)
2026-08-17 11:50:58 INFO  [api] user=u2287 GET 200 /api/users/me 177ms
2026-08-17 11:51:21 INFO  [api] user=u8834 GET 200 /login 156ms
2026-08-17 11:51:57 INFO  [api] user=u2287 GET 200 /api/timeline 35ms
2026-08-17 11:52:43 INFO  [api] user=u5560 POST 200 /api/posts/482 50ms
2026-08-17 11:53:01 INFO  [api] user=u3391 GET 304 /admin/error-report 173ms
2026-08-17 11:53:06 ERROR [api] user=u2287 NullPointerException at TimelineBuilder.merge (pinned post missing)
2026-08-17 11:53:49 INFO  [api] user=u9021 GET 200 /api/posts/482 135ms
2026-08-17 11:54:07 INFO  [api] user=u1043 GET 200 /api/users/me 33ms
2026-08-17 11:54:22 INFO  [api] user=u1043 POST 201 /login 16ms
2026-08-17 11:54:39 WARN  [api] user=u1043 slow query detected: 2011ms  SELECT * FROM notifications WHERE user_id = ?
2026-08-17 11:55:00 INFO  [api] user=u3391 POST 201 /api/users/me 91ms
2026-08-17 11:55:24 INFO  [api] user=u4415 DELETE 204 /api/posts/391/likes 117ms
2026-08-17 11:56:00 INFO  [api] user=u3391 POST 201 /api/search 73ms
2026-08-17 11:56:29 INFO  [api] user=u9021 DELETE 204 /api/users/me 32ms
2026-08-17 11:56:48 INFO  [api] user=u8834 GET 200 /api/posts/391/likes 83ms
2026-08-17 11:57:32 INFO  [api] user=u2287 GET 200 /api/posts/391/likes 149ms
2026-08-17 11:58:06 INFO  [api] user=u1043 POST 200 /api/users/me 79ms
2026-08-17 11:58:17 WARN  [api] user=u2287 deprecated endpoint accessed: /api/v1/posts
2026-08-17 11:58:30 INFO  [api] user=u1043 GET 200 /api/notifications 106ms
2026-08-17 11:59:14 INFO  [api] user=u2287 GET 200 /api/users/me 186ms
2026-08-17 12:00:01 INFO  [api] user=u1043 GET 200 /api/posts/391/likes 31ms
2026-08-17 12:00:37 INFO  [api] user=u7712 GET 304 /admin/error-report 168ms
2026-08-17 12:01:10 INFO  [api] user=u1043 GET 200 /api/posts/391/likes 114ms
2026-08-17 12:01:52 INFO  [api] user=u1043 POST 200 /api/posts/482 37ms
2026-08-17 12:02:25 INFO  [api] user=u4415 GET 200 /api/search 104ms
2026-08-17 12:02:43 INFO  [api] user=u4415 POST 201 /login 80ms
2026-08-17 12:03:20 INFO  [api] user=u2287 GET 200 /api/posts 94ms
2026-08-17 12:03:28 INFO  [api] user=u2287 DELETE 204 /api/timeline 129ms
